// Jest Snapshot v1, https://goo.gl/fbAQLP

exports[`Pruebas en <FirstApp /> debe hacer match co el snapshot 1`] = `
<div>
  <h1
    data-testid="test-title"
  >
     
    Titulo
     
  </h1>
  <p>
    No hay subtitulo
  </p>
  <p>
    No hay subtitulo
  </p>
  <p>
    AAA
  </p>
</div>
`;
