// Jest Snapshot v1, https://goo.gl/fbAQLP

exports[`Tests de <GifItem /> GifItem Snapshot 1`] = `
<div>
  <div
    class="card"
  >
    <img
      alt="Titulo imagen"
      src="http://localhost/urlImagen"
    />
    <p>
      Titulo imagen
    </p>
  </div>
</div>
`;
